[2025-10-15T00:28:12+02:00] list_sounds: BEGIN
[2025-10-15T00:28:12+02:00] list_sounds: SUCCESS count=0
[2025-10-15T00:28:16+02:00] list_sounds: BEGIN
[2025-10-15T00:28:16+02:00] list_sounds: SUCCESS count=0
[2025-10-15T00:28:29+02:00] upload: BEGIN
[2025-10-15T00:28:29+02:00] upload: SUCCESS arrow-impact-87260.mp3
[2025-10-15T00:28:29+02:00] list_sounds: BEGIN
[2025-10-15T00:28:29+02:00] list_sounds: SUCCESS count=1
[2025-10-15T00:28:57+02:00] upload: BEGIN
[2025-10-15T00:28:57+02:00] upload: SUCCESS epic-drums-action-percussion-trailer-tribal-war-intense-suspenseful-176417.mp3
[2025-10-15T00:28:57+02:00] list_sounds: BEGIN
[2025-10-15T00:28:57+02:00] list_sounds: SUCCESS count=2
[2025-10-15T00:29:08+02:00] update_label: BEGIN
[2025-10-15T00:29:08+02:00] update_label: SUCCESS epic-drums-action-percussion-trailer-tribal-war-intense-suspenseful-176417.mp3
[2025-10-15T00:29:08+02:00] list_sounds: BEGIN
[2025-10-15T00:29:08+02:00] list_sounds: SUCCESS count=2
[2025-10-15T00:38:06+02:00] list_sounds: BEGIN
[2025-10-15T00:38:06+02:00] list_sounds: SUCCESS count=2
[2025-10-15T00:38:42+02:00] list_sounds: BEGIN
[2025-10-15T00:38:42+02:00] list_sounds: SUCCESS count=2
[2025-10-15T00:38:48+02:00] list_sounds: BEGIN
[2025-10-15T00:38:48+02:00] list_sounds: SUCCESS count=2
[2025-10-15T00:39:01+02:00] update_label: BEGIN
[2025-10-15T00:39:01+02:00] update_label: SUCCESS epic-drums-action-percussion-trailer-tribal-war-intense-suspenseful-176417.mp3
[2025-10-15T00:39:01+02:00] list_sounds: BEGIN
[2025-10-15T00:39:01+02:00] list_sounds: SUCCESS count=2
[2025-10-15T00:39:15+02:00] update_label: BEGIN
[2025-10-15T00:39:15+02:00] update_label: SUCCESS epic-drums-action-percussion-trailer-tribal-war-intense-suspenseful-176417.mp3
[2025-10-15T00:39:15+02:00] list_sounds: BEGIN
[2025-10-15T00:39:15+02:00] list_sounds: SUCCESS count=2
[2025-10-15T00:39:28+02:00] delete_sound: BEGIN
[2025-10-15T00:39:28+02:00] delete_sound: SUCCESS epic-drums-action-percussion-trailer-tribal-war-intense-suspenseful-176417.mp3
[2025-10-15T00:39:29+02:00] list_sounds: BEGIN
[2025-10-15T00:39:29+02:00] list_sounds: SUCCESS count=1
[2025-10-15T00:39:54+02:00] update_label: BEGIN
[2025-10-15T00:39:54+02:00] update_label: SUCCESS arrow-impact-87260.mp3
[2025-10-15T00:39:54+02:00] list_sounds: BEGIN
[2025-10-15T00:39:54+02:00] list_sounds: SUCCESS count=1
[2025-10-15T00:40:20+02:00] list_sounds: BEGIN
[2025-10-15T00:40:20+02:00] list_sounds: SUCCESS count=1
[2025-10-15T00:40:21+02:00] list_sounds: BEGIN
[2025-10-15T00:40:21+02:00] list_sounds: SUCCESS count=1
[2025-10-15T00:42:10+02:00] upload: BEGIN
[2025-10-15T00:42:10+02:00] upload: SUCCESS hiddenvalor-full-song-musicgpt.mp3
[2025-10-15T00:42:10+02:00] list_sounds: BEGIN
[2025-10-15T00:42:10+02:00] list_sounds: SUCCESS count=2
[2025-10-15T00:42:15+02:00] list_sounds: BEGIN
[2025-10-15T00:42:15+02:00] list_sounds: SUCCESS count=2
[2025-10-15T00:42:30+02:00] list_sounds: BEGIN
[2025-10-15T00:42:30+02:00] list_sounds: SUCCESS count=2
[2025-10-15T00:43:06+02:00] update_label: BEGIN
[2025-10-15T00:43:06+02:00] update_label: SUCCESS hiddenvalor-full-song-musicgpt.mp3
[2025-10-15T00:43:06+02:00] list_sounds: BEGIN
[2025-10-15T00:43:06+02:00] list_sounds: SUCCESS count=2
[2025-10-15T00:43:10+02:00] list_sounds: BEGIN
[2025-10-15T00:43:10+02:00] list_sounds: SUCCESS count=2
[2025-10-15T09:04:55+02:00] update_label: BEGIN
[2025-10-15T09:04:55+02:00] update_label: SUCCESS hiddenvalor-full-song-musicgpt.mp3
[2025-10-15T09:04:55+02:00] list_sounds: BEGIN
[2025-10-15T09:04:55+02:00] list_sounds: SUCCESS count=2
[2025-10-15T09:04:59+02:00] list_sounds: BEGIN
[2025-10-15T09:04:59+02:00] list_sounds: SUCCESS count=2
[2025-10-15T09:08:02+02:00] list_sounds: BEGIN
[2025-10-15T09:08:02+02:00] list_sounds: SUCCESS count=2
[2025-10-15T09:08:04+02:00] list_sounds: BEGIN
[2025-10-15T09:08:04+02:00] list_sounds: SUCCESS count=2
[2025-10-15T09:08:14+02:00] update_label: BEGIN
[2025-10-15T09:08:14+02:00] update_label: SUCCESS arrow-impact-87260.mp3
[2025-10-15T09:08:14+02:00] list_sounds: BEGIN
[2025-10-15T09:08:14+02:00] list_sounds: SUCCESS count=2
[2025-10-15T09:08:35+02:00] update_label: BEGIN
[2025-10-15T09:08:35+02:00] update_label: SUCCESS hiddenvalor-full-song-musicgpt.mp3
[2025-10-15T09:08:35+02:00] list_sounds: BEGIN
[2025-10-15T09:08:35+02:00] list_sounds: SUCCESS count=2
[2025-10-15T09:08:48+02:00] update_label: BEGIN
[2025-10-15T09:08:48+02:00] update_label: SUCCESS arrow-impact-87260.mp3
[2025-10-15T09:08:48+02:00] list_sounds: BEGIN
[2025-10-15T09:08:48+02:00] list_sounds: SUCCESS count=2
[2025-10-15T09:21:54+02:00] list_sounds: BEGIN
[2025-10-15T09:21:54+02:00] list_sounds: SUCCESS count=2
[2025-10-15T09:22:11+02:00] list_sounds: BEGIN
[2025-10-15T09:22:11+02:00] list_sounds: SUCCESS count=2
[2025-10-15T09:22:26+02:00] list_sounds: BEGIN
[2025-10-15T09:22:26+02:00] list_sounds: SUCCESS count=2
[2025-10-15T09:22:32+02:00] list_sounds: BEGIN
[2025-10-15T09:22:32+02:00] list_sounds: SUCCESS count=2
[2025-10-15T09:23:18+02:00] list_sounds: BEGIN
[2025-10-15T09:23:18+02:00] list_sounds: SUCCESS count=2
[2025-10-15T20:16:34+02:00] list_sounds: BEGIN
[2025-10-15T20:16:34+02:00] list_sounds: SUCCESS count=2
[2025-10-16T18:49:51+02:00] list_sounds: BEGIN
[2025-10-16T18:49:51+02:00] list_sounds: SUCCESS count=2
[2025-11-07T18:32:16+01:00] list_sounds: BEGIN
[2025-11-07T18:32:16+01:00] list_sounds: SUCCESS count=2
[2025-11-07T18:32:18+01:00] list_sounds: BEGIN
[2025-11-07T18:32:18+01:00] list_sounds: SUCCESS count=2
[2025-11-07T18:33:45+01:00] list_sounds: BEGIN
[2025-11-07T18:33:45+01:00] list_sounds: SUCCESS count=2
[2025-11-07T18:34:59+01:00] list_sounds: BEGIN
[2025-11-07T18:34:59+01:00] list_sounds: SUCCESS count=2
[2025-11-07T18:35:13+01:00] list_sounds: BEGIN
[2025-11-07T18:35:13+01:00] list_sounds: SUCCESS count=2
[2025-11-07T18:35:54+01:00] list_sounds: BEGIN
[2025-11-07T18:35:54+01:00] list_sounds: SUCCESS count=2
[2025-11-07T18:36:23+01:00] upload: BEGIN
[2025-11-07T18:36:50+01:00] upload: BEGIN
[2025-11-07T18:36:50+01:00] upload: SUCCESS 4-rayn-la-casa-delle-spine-ambient.mp3
[2025-11-07T18:36:50+01:00] list_sounds: BEGIN
[2025-11-07T18:36:50+01:00] list_sounds: SUCCESS count=3
[2025-11-07T18:36:55+01:00] list_sounds: BEGIN
[2025-11-07T18:36:55+01:00] list_sounds: SUCCESS count=3
[2025-11-07T18:39:11+01:00] list_sounds: BEGIN
[2025-11-07T18:39:11+01:00] list_sounds: SUCCESS count=3
[2025-11-07T18:39:14+01:00] list_sounds: BEGIN
[2025-11-07T18:39:14+01:00] list_sounds: SUCCESS count=3
[2025-11-10T22:14:17+01:00] list_sounds: BEGIN
[2025-11-10T22:14:17+01:00] list_sounds: SUCCESS count=3
[2025-11-11T14:49:21+01:00] list_sounds: BEGIN
[2025-11-11T14:49:21+01:00] list_sounds: SUCCESS count=3
[2025-11-11T14:51:37+01:00] delete_sound: BEGIN
[2025-11-11T14:51:37+01:00] delete_sound: SUCCESS hiddenvalor-full-song-musicgpt.mp3
[2025-11-11T14:51:37+01:00] list_sounds: BEGIN
[2025-11-11T14:51:37+01:00] list_sounds: SUCCESS count=2
[2025-11-11T14:52:34+01:00] upload: BEGIN
[2025-11-11T14:54:27+01:00] upload: BEGIN
[2025-11-11T14:55:19+01:00] upload: BEGIN
